// Jest Snapshot v1, https://goo.gl/fbAQLP

exports[`<Rank/> should render Rank 1`] = `
<div>
  <h1>
    Rank
  </h1>
</div>
`;
