// Jest Snapshot v1, https://goo.gl/fbAQLP

exports[`<UserName/> should render UserName 1`] = `
<h1
  className="sc-bczRLJ hBREsu"
/>
`;
